[store.hihonor.com/it/index.html]
[backblue.gif]
[fade.gif]
[index.html]
[store.hihonor.com/it/images/favicon.ico]
[cdn-itcname.hihonor.com/it/stylus/css/styles.mincc33.css]
[cdn-itcname.hihonor.com/it/js/common/jsapi.mincc33.js]
[cdn-itcname.hihonor.com/it/js/home-all.mincc33.js]
[cdn-itcname.hihonor.com/it/js/echannel/ga-ecommerce.mincc33.js]
[cdn-itcname.hihonor.com/it/images/honor4/country_flags/cn.jpg]
[cdn-itcname.hihonor.com/it/images/honor4/country_flags/in.jpg]
[cdn-itcname.hihonor.com/it/images/honor4/country_flags/my.jpg]
[cdn-itcname.hihonor.com/it/images/honor4/country_flags/vi.jpg]
[cdn-itcname.hihonor.com/it/images/honor4/country_flags/be.jpg]
[cdn-itcname.hihonor.com/it/images/honor4/country_flags/Flag_bulgaria.jpg]
[cdn-itcname.hihonor.com/it/images/honor4/country_flags/cz.jpg]
[cdn-itcname.hihonor.com/it/images/honor4/country_flags/fi.jpg]
[cdn-itcname.hihonor.com/it/images/honor4/country_flags/fr.jpg]
[cdn-itcname.hihonor.com/it/images/honor4/country_flags/de.jpg]
[cdn-itcname.hihonor.com/it/images/honor4/country_flags/gr.jpg]
[cdn-itcname.hihonor.com/it/images/honor4/country_flags/Flag_hungary.jpg]
[cdn-itcname.hihonor.com/pms/template/content/2017/20170913180451794.jpg]
[cdn-itcname.hihonor.com/it/images/honor4/country_flags/nl.jpg]
[cdn-itcname.hihonor.com/it/images/honor4/country_flags/Flag_norway.jpg]
[cdn-itcname.hihonor.com/it/images/honor4/country_flags/Flag_poland.jpg]
[cdn-itcname.hihonor.com/it/images/honor4/country_flags/pt.jpg]
[cdn-itcname.hihonor.com/it/images/honor4/country_flags/ru.jpg]
[cdn-itcname.hihonor.com/it/images/honor4/country_flags/Flag_serbia.jpg]
[cdn-itcname.hihonor.com/it/images/honor4/country_flags/es.jpg]
[cdn-itcname.hihonor.com/it/images/honor4/country_flags/ch.jpg]
[cdn-itcname.hihonor.com/it/images/honor4/country_flags/uk.jpg]
[cdn-itcname.hihonor.com/it/images/honor4/country_flags/Flag_colombia.jpg]
[cdn-itcname.hihonor.com/it/images/honor4/country_flags/ksa.jpg]
[cdn-itcname.hihonor.com/it/images/honor4/country_flags/uae.jpg]
[cdn-itcname.hihonor.com/it/images/honor4/country_flags/us.jpg]
[cdn-itcname.hihonor.com/it/js/echannel/base.mincc33.js]
[store.hihonor.com/it/cmsContent0416.html]
[cdn-itcname.hihonor.com/it/images/honor4/country_flags/it.jpg]
[cdn-itcname.hihonor.com/pimages/common/config/logo/logo20170608163900.png]
[store.hihonor.com/it/searchca92.html]
[store.hihonor.com/it/searchcbef.html]
[store.hihonor.com/it/search27ad.html]
[store.hihonor.com/it/searchd75f.html]
[store.hihonor.com/it/searchb1c4.html]
[store.hihonor.com/it/searcha79a.html]
[store.hihonor.com/it/product/639090033.html]
[store.hihonor.com/it/images/echannel/icon/hot_menu.png]
[store.hihonor.com/it/item/217766903/index.html]
[store.hihonor.com/it/images/echannel/icon/new_menu.png]
[store.hihonor.com/it/product/775214205.html]
[store.hihonor.com/it/product/805154013.html]
[store.hihonor.com/it/product/205715997.html]
[store.hihonor.com/it/product/211451478.html]
[store.hihonor.com/it/product/672559893.html]
[store.hihonor.com/it/product/593171207.html]
[store.hihonor.com/it/product/626249527.html]
[store.hihonor.com/it/product/277341071.html]
[store.hihonor.com/it/product/154619901.html]
[store.hihonor.com/it/cmsContentfb19.html]
[cdn-itcname.hihonor.com/pms/product/6901443185719/428_428_1509473530555mp.jpg]
[cdn-itcname.hihonor.com/pms/product/6901443170173/428_428_1499765543078mp.jpg]
[cdn-itcname.hihonor.com/pms/product/6901443131747/428_428_1499762467997mp.jpg]
[cdn-itcname.hihonor.com/pms/product/6901443154296/428_428_1499759403525mp.jpg]
[cdn-itcname.hihonor.com/pms/product/6901443184507/428_428_1500452822920mp.jpg]
[store.hihonor.com/it/list-157.html]
[cdn-itcname.hihonor.com/pms/product/008601110000401/428_428_1507899259014mp.jpg]
[cdn-itcname.hihonor.com/pms/product/6901443189113/428_428_1502090717262mp.jpg]
[cdn-itcname.hihonor.com/pms/product/6901443191390/428_428_1502095245793mp.jpg]
[cdn-itcname.hihonor.com/pms/product/69014431123346/428_428_1507892983002mp.jpg]
[store.hihonor.com/it/list-162.html]
[cdn-itcname.hihonor.com/pms/template/content/2017/20171016193708798.jpg]
[cdn-itcname.hihonor.com/pms/template/content/2017/20171016193724995.jpg]
[cdn-itcname.hihonor.com/pms/template/content/2017/20171016193736381.jpg]
[store.hihonor.com/it/cmsContente6c2.html]
[store.hihonor.com/it/trackorder/popup/index.html]
[cdn-itcname.hihonor.com/pms/sale/2017-11/20171122181854622.jpg]
[store.hihonor.com/it/trovailcodicev1.html]
[cdn-itcname.hihonor.com/pms/sale/2017-11/20171122181556227.jpg]
[store.hihonor.com/it/honorblackfriday.html]
[cdn-itcname.hihonor.com/pms/sale/2017-11/20171120053645963.jpg]
[store.hihonor.com/it/dfa.html]
[cdn-itcname.hihonor.com/pms/sale/2017-11/2017110920335037.jpg]
[cdn-itcname.hihonor.com/pms/frontLocation/content/148071/1509493281165.jpg]
[cdn-itcname.hihonor.com/pms/frontLocation/content/148073/1509491383794.jpg]
[cdn-itcname.hihonor.com/pms/frontLocation/content/147281/1509491443643.jpg]
[cdn-itcname.hihonor.com/pms/frontLocation/content/147283/1509492985662.jpg]
[cdn-itcname.hihonor.com/pms/frontLocation/content/147741/1509492883494.jpg]
[cdn-itcname.hihonor.com/pms/template/content/2017/20171016191258324.jpg]
[cdn-itcname.hihonor.com/pms/template/content/2017/20171016191338994.jpg]
[cdn-itcname.hihonor.com/pms/template/content/2017/2017101619140158.jpg]
[cdn-itcname.hihonor.com/pms/template/content/2017/20171016191418445.jpg]
[cdn-itcname.hihonor.com/pms/template/content/2017/20171016191432611.jpg]
[cdn-itcname.hihonor.com/pms/template/content/2017/20171016191444250.jpg]
[cdn-itcname.hihonor.com/pms/template/content/2017/20171016191459262.jpg]
[cdn-itcname.hihonor.com/pms/template/content/2017/20171016191512327.jpg]
[cdn-itcname.hihonor.com/pms/template/content/2017/20171016191524958.jpg]
[cdn-itcname.hihonor.com/pms/template/content/2017/20171016191537908.jpg]
[cdn-itcname.hihonor.com/pms/template/content/2017/20171016191549550.jpg]
[store.hihonor.com/it/cmsContentba69.html]
[store.hihonor.com/it/item/639090033/index.html]
[store.hihonor.com/it/item/775214205/index.html]
[store.hihonor.com/it/item/805154013/index.html]
[store.hihonor.com/it/item/205715997/index.html]
[store.hihonor.com/it/cmsContent62ad.html]
[store.hihonor.com/it/cmsContentdef5.html]
[store.hihonor.com/it/cmsContentec8f.html]
[cdn-escname.hihonor.com/pms/template/content/2017/20171121164721549.jpg]
[cdn-itcname.hihonor.com/pms/template/content/2017/20171025170922314.png]
[store.hihonor.com/it/cmsContent9430.html]
[store.hihonor.com/it/index.html]
[store.hihonor.com/it/cmsContent3ae3.html]
[cdn-itcname.hihonor.com/it/images/jquery.fancybox/img/fancybox_sprite.png]
[cdn-itcname.hihonor.com/it/images/jquery.fancybox/img/fancybox_loading.gif]
[cdn-itcname.hihonor.com/it/images/jquery.fancybox/img/icon1.png]
[cdn-itcname.hihonor.com/it/images/jquery.fancybox/img/blank.gif]
[cdn-itcname.hihonor.com/it/images/jquery.fancybox/img/fancybox_overlay.png]
[cdn-itcname.hihonor.com/it/images/jquery.fancybox/img/fancybox_sprite@2x.png]
[cdn-itcname.hihonor.com/it/images/jquery.fancybox/img/fancybox_loading@2x.gif]
[cdn-itcname.hihonor.com/it/images/echannel/sprites/sprites359e0.png]
[cdn-itcname.hihonor.com/it/images/echannel/bg/bg1.png]
[cdn-itcname.hihonor.com/it/images/echannel/btn/btn3.png]
[cdn-itcname.hihonor.com/it/images/echannel/icon/icon1.png]
[cdn-itcname.hihonor.com/it/images/echannel/icon/icon_arrow.png]
[cdn-itcname.hihonor.com/it/images/echannel/icon/icon6.gif]
[cdn-itcname.hihonor.com/it/images/echannel/icon/icon11.png]
[cdn-itcname.hihonor.com/it/images/echannel/icon/icon22.png]
[cdn-itcname.hihonor.com/it/images/echannel/icon/icon10.png]
[cdn-itcname.hihonor.com/it/images/echannel/star/star7.png]
[cdn-itcname.hihonor.com/it/images/echannel/bg/bg6.png]
[cdn-itcname.hihonor.com/it/images/echannel/bg/bg5.png]
[cdn-itcname.hihonor.com/it/images/echannel/bg/bg22.jpg]
[cdn-itcname.hihonor.com/it/images/echannel/bg/bg37.png]
[cdn-itcname.hihonor.com/it/images/echannel/icon/honor_icon.gif]
[cdn-itcname.hihonor.com/it/images/echannel/bg/bg24.png]
[cdn-itcname.hihonor.com/it/images/echannel/icon/icon14.png]
[cdn-itcname.hihonor.com/it/images/echannel/icon/icon29.png]
[cdn-itcname.hihonor.com/it/images/echannel/bg/bg51.jpg]
[cdn-itcname.hihonor.com/it/images/echannel/icon/icon27.png]
[cdn-itcname.hihonor.com/it/images/echannel/icon/icon45.png]
[cdn-itcname.hihonor.com/it/images/echannel/icon/icon35.png]
[cdn-itcname.hihonor.com/it/images/echannel/icon/icon33.png]
[cdn-itcname.hihonor.com/it/images/echannel/icon/icon31.png]
[cdn-itcname.hihonor.com/it/images/echannel/bg/bg6559e0.png]
[cdn-itcname.hihonor.com/it/images/echannel/bg/bg632a84.png]
[cdn-itcname.hihonor.com/it/images/echannel/icon/icon479891.png]
[cdn-itcname.hihonor.com/it/images/echannel/icon/order_success_icon.png]
[cdn-itcname.hihonor.com/it/images/echannel/icon/icon32.png]
[cdn-itcname.hihonor.com/it/images/footer/browser_icon.png]
[cdn-itcname.hihonor.com/it/images/echannel/sprites/sprites3.png]
[cdn-itcname.hihonor.com/it/images/echannel/bg/bg14ec8.png]
[cdn-itcname.hihonor.com/it/images/echannel/bg/bg234ec8.png]
[cdn-itcname.hihonor.com/it/images/echannel/icon/icon14ec8.png]
[cdn-itcname.hihonor.com/it/images/echannel/bg/bg314ec8.png]
[cdn-itcname.hihonor.com/it/images/icon/cctype.png]
[cdn-itcname.hihonor.com/it/images/icon/cvv.png]
[cdn-itcname.hihonor.com/it/images/echannel/sprites/sprites1.png]
[cdn-itcname.hihonor.com/it/images/echannel/sprites/sprites124ec8.png]
[cdn-itcname.hihonor.com/it/images/echannel/bg/bg414ec8.jpg]
[cdn-itcname.hihonor.com/it/images/echannel/sprites/sprites144ec8.jpg]
[cdn-itcname.hihonor.com/it/images/echannel/bg/bg394ec8.png]
[cdn-itcname.hihonor.com/it/images/echannel/btn/btn84ec8.png]
[cdn-itcname.hihonor.com/it/images/echannel/icon/icon154ec8.png]
[cdn-itcname.hihonor.com/it/images/echannel/bg/bg404ec8.png]
[cdn-itcname.hihonor.com/it/images/echannel/bg/bg64ec8.png]
[cdn-itcname.hihonor.com/it/images/echannel/icon/icon164ec8.png]
[cdn-itcname.hihonor.com/it/images/echannel/bg/bg424ec8.png]
[cdn-itcname.hihonor.com/it/images/echannel/icon/icon184ec8.png]
[cdn-itcname.hihonor.com/it/images/echannel/icon/icon142473.png]
[cdn-itcname.hihonor.com/it/images/echannel/icon/icon292473.png]
[cdn-itcname.hihonor.com/it/images/echannel/bg/bg512473.jpg]
[cdn-itcname.hihonor.com/it/images/echannel/icon/icon272473.png]
[cdn-itcname.hihonor.com/it/images/echannel/icon/icon12473.png]
[cdn-itcname.hihonor.com/it/images/echannel/icon/icon62473.gif]
[cdn-itcname.hihonor.com/it/images/echannel/btn/btn32473.png]
[cdn-itcname.hihonor.com/it/images/echannel/icon/icon442473.png]
[cdn-itcname.hihonor.com/it/images/echannel/bg/bg222473.jpg]
[cdn-itcname.hihonor.com/it/images/echannel/bg/bg372473.png]
[cdn-itcname.hihonor.com/it/images/echannel/bg/bg432473.png]
[cdn-itcname.hihonor.com/it/images/echannel/sprites/sprites6.png]
[cdn-itcname.hihonor.com/it/images/echannel/icon/icon34.png]
[cdn-itcname.hihonor.com/it/images/echannel/sprites/sprites16.png]
[cdn-itcname.hihonor.com/it/images/echannel/icon/icon12.png]
[cdn-itcname.hihonor.com/it/images/echannel/icon/icon13.png]
[cdn-itcname.hihonor.com/it/images/echannel/btn/Try-Again-Button.png]
[cdn-itcname.hihonor.com/it/images/echannel/btn/btn11.png]
[cdn-itcname.hihonor.com/it/images/echannel/icon/icon30.png]
[cdn-itcname.hihonor.com/it/images/echannel/icon/icon40.png]
[cdn-itcname.hihonor.com/it/images/echannel/icon/icon402a84.png]
[cdn-itcname.hihonor.com/it/images/icon/downloadicon.png]
[cdn-itcname.hihonor.com/it/images/echannel/loading/LoadingBar.gif]
[cdn-itcname.hihonor.com/it/images/echannel/bg/bg56.png]
[cdn-itcname.hihonor.com/it/images/echannel/sprites/sprites20.png]
[cdn-itcname.hihonor.com/it/images/echannel/bg/bg9.jpg]
[cdn-itcname.hihonor.com/it/images/echannel/bg/bg8.jpg]
[cdn-itcname.hihonor.com/it/images/echannel/bg/bg10.jpg]
[cdn-itcname.hihonor.com/it/images/echannel/bg/bg11.jpg]
[cdn-itcname.hihonor.com/it/images/echannel/sprites/sprites5.png]
[cdn-itcname.hihonor.com/it/images/echannel/bg/bg12.png]
[cdn-itcname.hihonor.com/it/images/echannel/bg/bg25.png]
[cdn-itcname.hihonor.com/it/images/echannel/sprites/sprites4.png]
[cdn-itcname.hihonor.com/it/images/echannel/bg/bg27.png]
[cdn-itcname.hihonor.com/it/images/echannel/bg/bg13.png]
[cdn-itcname.hihonor.com/it/images/echannel/bg/bg26.png]
[cdn-itcname.hihonor.com/it/images/echannel/bg/bg14.png]
[cdn-itcname.hihonor.com/it/images/echannel/btn/btn7.png]
[cdn-itcname.hihonor.com/it/images/echannel/btn/btn17.png]
[cdn-itcname.hihonor.com/it/images/echannel/bg/bg648fa4.png]
[cdn-itcname.hihonor.com/it/images/echannel/bg/bg208fa4.png]
[cdn-itcname.hihonor.com/it/images/echannel/bg/bg218fa4.png]
[cdn-itcname.hihonor.com/it/images/echannel/sprites/sprites218fa4.png]
[cdn-itcname.hihonor.com/it/images/echannel/btn/btn68fa4.png]
[cdn-itcname.hihonor.com/it/images/echannel/icon/icon338fa4.png]
[cdn-itcname.hihonor.com/it/images/echannel/bg/bg668fa4.jpg]
[cdn-itcname.hihonor.com/it/images/echannel/sprites/sprites248fa4.jpg]
[cdn-itcname.hihonor.com/it/images/echannel/icon/icon_bank8fa4.png]
[cdn-itcname.hihonor.com/it/images/echannel/icon/icon408fa4.png]
[cdn-itcname.hihonor.com/it/images/echannel/sprites/sprites238fa4.png]
[cdn-itcname.hihonor.com/it/images/echannel/sprites/products_sprite.png]
[cdn-itcname.hihonor.com/it/images/echannel/icon/icon318fa4.png]
[cdn-itcname.hihonor.com/it/images/echannel/icon/icon358fa4.png]
[cdn-itcname.hihonor.com/it/images/echannel/icon/icon468fa4.png]
[cdn-itcname.hihonor.com/it/images/echannel/icon/icon18fa4.png]
[cdn-itcname.hihonor.com/it/images/echannel/misc/myAuthentication_05.png]
[cdn-itcname.hihonor.com/it/images/echannel/bg/bg668fa4.png]
[cdn-itcname.hihonor.com/it/images/echannel/sprites/sprites31ba8d.png]
[cdn-itcname.hihonor.com/it/images/echannel/sprites/sprites25ba8d.png]
[cdn-itcname.hihonor.com/it/images/echannel/icon/icon44ba8d.png]
[cdn-itcname.hihonor.com/it/images/echannel/icon/icon43ba8d.png]
[cdn-itcname.hihonor.com/it/images/echannel/sprites/sprites27ba8d.png]
[cdn-itcname.hihonor.com/it/images/echannel/sprites/sprites30ba8d.png]
[cdn-itcname.hihonor.com/it/images/star/star2.png]
[cdn-itcname.hihonor.com/it/images/echannel/bg/bg43.png]
[cdn-itcname.hihonor.com/it/images/echannel/icon/icon19.png]
[cdn-itcname.hihonor.com/it/images/echannel/bg/bg52.png]
[cdn-itcname.hihonor.com/it/images/echannel/bg/bg53.png]
[cdn-itcname.hihonor.com/it/images/echannel/icon/icon28.png]
[cdn-itcname.hihonor.com/it/images/echannel/sprites/sprites2.png]
[cdn-itcname.hihonor.com/it/images/echannel/sprites/sprites11.png]
[cdn-itcname.hihonor.com/it/images/echannel/btn/btn4.png]
[cdn-itcname.hihonor.com/it/images/echannel/icon/icon3.png]
[cdn-itcname.hihonor.com/it/images/echannel/bg/bg54.png]
[cdn-itcname.hihonor.com/it/images/echannel/bg/bg31.png]
[cdn-itcname.hihonor.com/it/images/echannel/icon/icon8.png]
[cdn-itcname.hihonor.com/it/images/echannel/icon/icon_code.jpg]
[cdn-itcname.hihonor.com/it/images/echannel/icon/icon48.png]
[cdn-itcname.hihonor.com/it/images/honor4/history_bg1.jpg]
[cdn-itcname.hihonor.com/it/images/icon/payment_partners.jpg]
[cdn-itcname.hihonor.com/it/stylus/css/styles.mincc33.css]
[cdn-itcname.hihonor.com/it/js/common/jsapi.mincc33.js]
[connect.facebook.net/en_US/all.js]
[cdn-itcname.hihonor.com/it/js/home-all.mincc33.js]
[cdn-itcname.hihonor.com/it/js/echannel/ga-ecommerce.mincc33.js]
[www.googletagmanager.com/gtm5445.html]
[cdn-itcname.hihonor.com/it/js/echannel/base.mincc33.js]
[cdn-itcname.hihonor.com/it/stylus/css/styles.min68b3.css]
[cdn-itcname.hihonor.com/it/js/common/jsapi.min68b3.js]
[cdn-itcname.hihonor.com/it/js/echannel/ga-ecommerce.min68b3.js]
[cdn-itcname.hihonor.com/it/js/home-all.min68b3.js]
[cdn-itcname.hihonor.com/it/js/echannel/base.min68b3.js]
[store.hihonor.com/it/images/echannel/bg/bg41.jpg]
[store.hihonor.com/it/cmsContent0416.html]
[store.hihonor.com/it/search273a.html]
[store.hihonor.com/it/searchaf5b.html]
[store.hihonor.com/it/search9a33.html]
[store.hihonor.com/it/searchc93e.html]
[store.hihonor.com/it/search6b04.html]
[store.hihonor.com/it/searcha087.html]
[store.hihonor.com/it/searchce37.html]
[store.hihonor.com/it/search4dc7.html]
[cdn-itcname.hihonor.com/pms/product/6901443125555/142_142_1507903129157mp.jpg]
[cdn-itcname.hihonor.com/pms/product/6901443154319/142_142_1499761638024mp.jpg]
[cdn-itcname.hihonor.com/pms/product/6901443184491/142_142_1500452986488mp.jpg]
[cdn-itcname.hihonor.com/pms/product/6901443131754/142_142_1499763731564mp.jpg]
[cdn-itcname.hihonor.com/pms/product/6901443185719/142_142_1509473530555mp.jpg]
[cdn-itcname.hihonor.com/pms/product/6901443170166/142_142_1504057997831mp.jpg]
[cdn-itcname.hihonor.com/pms/product/008601110000401/142_142_1507899259014mp.jpg]
[store.hihonor.com/it/product/217766903.html]
[cdn-itcname.hihonor.com/pms/product/6901443201846/142_142_1509114140474mp.jpg]
[cdn-itcname.hihonor.com/pms/product/69014431123346/142_142_1507892983002mp.jpg]
[cdn-itcname.hihonor.com/pms/product/6901443191390/142_142_1502095245793mp.jpg]
[store.hihonor.com/it/searchca92.html]
[cdn-itcname.hihonor.com/it/js/product/search.min68b3.js]
[store.hihonor.com/it/search7c9f.html]
[store.hihonor.com/it/searchcbef.html]
[store.hihonor.com/it/search27ad.html]
[store.hihonor.com/it/searchd75f.html]
[store.hihonor.com/it/searchb1c4.html]
[store.hihonor.com/it/searcha79a.html]
[cdn-itcname.hihonor.com/pms/product/6901443185719/800_800_1509473530555mp.jpg]
[cdn-itcname.hihonor.com/it/js/product/detail.min68b3.js]
[cdn-itcname.hihonor.com/it/js/product/expected_delivery.min68b3.js]
[cdn-itcname.hihonor.com/pms/product/6901443185719/55_55_1509473530555mp.jpg]
[cdn-itcname.hihonor.com/pms/product/6901443185719/group/55_55_1504772986262.jpg]
[cdn-itcname.hihonor.com/pms/product/6901443185719/group/55_55_1504772993681.jpg]
[cdn-itcname.hihonor.com/pms/product/6901443185719/group/55_55_1504772992328.jpg]
[cdn-itcname.hihonor.com/pms/product/6901443185719/group/55_55_1504772990267.jpg]
[cdn-itcname.hihonor.com/pms/product/6901443185719/group/55_55_1504772986955.jpg]
[cdn-itcname.hihonor.com/pms/product/6901443185719/group/55_55_1504772987640.jpg]
[cdn-itcname.hihonor.com/pms/product/6901443185719/group/55_55_1504772988289.jpg]
[cdn-itcname.hihonor.com/pms/product/6901443185719/group/55_55_1504772988948.jpg]
[cdn-itcname.hihonor.com/pms/product/6901443185719/group/55_55_1504772989610.jpg]
[cdn-itcname.hihonor.com/pms/product/6901443185719/group/55_55_1504772990964.jpg]
[cdn-itcname.hihonor.com/pms/product/6901443185719/group/55_55_1504772991662.jpg]
[cdn-itcname.hihonor.com/pms/product/6901443185719/group/55_55_1504772993009.jpg]
[store.hihonor.com/it/product/inventoryd032.html]
[cdn-itcname.hihonor.com/it/js/common/qrcode.min68b3.js]
[store.hihonor.com/it/product/639090033.html]
[cdn-itcname.hihonor.com/it/js/product/new.detail.min68b3.js]
[cdn-itcname.hihonor.com/it/js/common/ec.pager/pager.min68b3.js]
[cdn-itcname.hihonor.com/pms/product/6901443201846/800_800_1509114140474mp.jpg]
[store.hihonor.com/it/item/217766903/buy.html]
[store.hihonor.com/it/item/217766903/index.html]
[store.hihonor.com/it/item/217766903/chrome/index.html]
[store.hihonor.com/it/item/217766903/version/index.html]
[cdn-itcname.hihonor.com/pms/product/6901443170166/800_800_1504057997831mp.jpg]
[cdn-itcname.hihonor.com/pms/product/6901443170166/428_428_1504057997831mp.jpg]
[cdn-itcname.hihonor.com/pms/product/6901443170166/55_55_1504057997831mp.jpg]
[cdn-itcname.hihonor.com/pms/product/6901443170166/group/55_55_1499766416891.jpg]
[cdn-itcname.hihonor.com/pms/product/6901443170166/group/55_55_1499766419107.jpg]
[cdn-itcname.hihonor.com/pms/product/6901443170166/group/55_55_1499766421245.jpg]
[cdn-itcname.hihonor.com/pms/product/6901443170166/group/55_55_1499766423386.jpg]
[cdn-itcname.hihonor.com/pms/product/6901443170166/group/55_55_1499766425482.jpg]
[cdn-itcname.hihonor.com/pms/product/6901443170166/group/55_55_1499766427736.jpg]
[cdn-itcname.hihonor.com/pms/product/6901443170166/group/55_55_1499766429936.jpg]
[cdn-itcname.hihonor.com/pms/product/6901443170166/group/55_55_1499766432129.jpg]
[store.hihonor.com/it/product/775214205.html]
[store.hihonor.com/it/product/inventory9909.html]
[cdn-itcname.hihonor.com/pms/product/6901443131754/800_800_1499763731564mp.jpg]
[cdn-itcname.hihonor.com/pms/product/6901443131754/428_428_1499763731564mp.jpg]
[cdn-itcname.hihonor.com/pms/product/6901443131754/55_55_1499763731564mp.jpg]
[cdn-itcname.hihonor.com/pms/product/6901443131754/group/55_55_1499763688570.jpg]
[cdn-itcname.hihonor.com/pms/product/6901443131754/group/55_55_1499763690712.jpg]
[cdn-itcname.hihonor.com/pms/product/6901443131754/group/55_55_1499763692838.jpg]
[cdn-itcname.hihonor.com/pms/product/6901443131754/group/55_55_1499763695090.jpg]
[cdn-itcname.hihonor.com/pms/product/6901443131754/group/55_55_1499763697145.jpg]
[store.hihonor.com/it/product/805154013.html]
[store.hihonor.com/it/product/inventory0bf2.html]
[cdn-itcname.hihonor.com/pms/product/6901443154319/800_800_1499761638024mp.jpg]
[cdn-itcname.hihonor.com/pms/product/6901443154319/428_428_1499761638024mp.jpg]
[cdn-itcname.hihonor.com/pms/product/6901443154319/55_55_1499761638024mp.jpg]
[cdn-itcname.hihonor.com/pms/product/6901443154319/group/55_55_1499761601555.jpg]
[cdn-itcname.hihonor.com/pms/product/6901443154319/group/55_55_1499761603766.jpg]
[cdn-itcname.hihonor.com/pms/product/6901443154319/group/55_55_1499761605872.jpg]
[cdn-itcname.hihonor.com/pms/product/6901443154319/group/55_55_1499761608031.jpg]
[cdn-itcname.hihonor.com/pms/product/6901443154319/group/55_55_1499761610101.jpg]
[cdn-itcname.hihonor.com/pms/product/6901443154319/group/55_55_1499761612162.jpg]
[cdn-itcname.hihonor.com/pms/product/6901443154319/group/55_55_1499761614228.jpg]
[cdn-itcname.hihonor.com/pms/product/6901443154319/group/55_55_1499761616316.jpg]
[store.hihonor.com/it/product/205715997.html]
[store.hihonor.com/it/product/inventoryf4fc.html]
[cdn-itcname.hihonor.com/pms/product/6901443184491/800_800_1500452986488mp.jpg]
[cdn-itcname.hihonor.com/pms/product/6901443184491/428_428_1500452986488mp.jpg]
[cdn-itcname.hihonor.com/pms/product/6901443184491/55_55_1500452986488mp.jpg]
[cdn-itcname.hihonor.com/pms/product/6901443184491/group/55_55_1500452773752.jpg]
[cdn-itcname.hihonor.com/pms/product/6901443184491/group/55_55_1500452776063.jpg]
[cdn-itcname.hihonor.com/pms/product/6901443184491/group/55_55_1500452776894.jpg]
[cdn-itcname.hihonor.com/pms/product/6901443184491/group/55_55_1500452777551.jpg]
[cdn-itcname.hihonor.com/pms/product/6901443184491/group/55_55_1500452778231.jpg]
[cdn-itcname.hihonor.com/pms/product/6901443184491/group/55_55_1500452779507.jpg]
[cdn-itcname.hihonor.com/pms/product/6901443184491/group/55_55_1500452781508.jpg]
[cdn-itcname.hihonor.com/pms/product/6901443184491/group/55_55_1500452783740.jpg]
[store.hihonor.com/it/product/211451478.html]
[store.hihonor.com/it/product/inventory4c21.html]
[cdn-itcname.hihonor.com/pms/product/6901443125555/800_800_1507903129157mp.jpg]
[cdn-itcname.hihonor.com/pms/product/6901443125555/428_428_1507903129157mp.jpg]
[cdn-itcname.hihonor.com/pms/product/6901443125555/55_55_1507903129157mp.jpg]
[cdn-itcname.hihonor.com/pms/product/6901443125555/group/55_55_1507903096865.jpg]
[cdn-itcname.hihonor.com/pms/product/6901443125555/group/55_55_1507903097842.jpg]
[cdn-itcname.hihonor.com/pms/product/6901443125555/group/55_55_1507903098822.jpg]
[cdn-itcname.hihonor.com/pms/product/6901443125555/group/55_55_1507903099766.jpg]
[cdn-itcname.hihonor.com/pms/product/6901443125555/group/55_55_1507903100700.jpg]
[cdn-itcname.hihonor.com/pms/product/6901443125555/group/55_55_1507903101638.jpg]
[cdn-itcname.hihonor.com/pms/product/6901443125555/group/55_55_1507903102579.jpg]
[cdn-itcname.hihonor.com/pms/product/6901443125555/group/55_55_1507903103499.jpg]
[cdn-itcname.hihonor.com/pms/product/6901443125555/group/55_55_1507903104422.jpg]
[cdn-itcname.hihonor.com/pms/product/6901443125555/group/55_55_1507903105358.jpg]
[cdn-itcname.hihonor.com/pms/product/6901443125555/group/55_55_1507903106259.jpg]
[store.hihonor.com/it/product/672559893.html]
[store.hihonor.com/it/product/inventorye12a.html]
[cdn-itcname.hihonor.com/pms/product/008601110000401/800_800_1507899259014mp.jpg]
[cdn-itcname.hihonor.com/pms/product/008601110000401/55_55_1507899259014mp.jpg]
[cdn-itcname.hihonor.com/pms/product/008601110000401/group/55_55_1507899266163.jpg]
[cdn-itcname.hihonor.com/pms/product/008601110000401/group/55_55_1507899268261.jpg]
[store.hihonor.com/it/product/593171207.html]
[store.hihonor.com/it/product/inventoryfe3e.html]
[cdn-itcname.hihonor.com/pms/product/6901443189113/800_800_1502090717262mp.jpg]
[cdn-itcname.hihonor.com/pms/product/6901443189113/55_55_1502090717262mp.jpg]
[cdn-itcname.hihonor.com/pms/product/6901443189113/group/55_55_1502090688598.jpg]
[cdn-itcname.hihonor.com/pms/product/6901443189113/group/55_55_1502090689539.jpg]
[cdn-itcname.hihonor.com/pms/product/6901443189113/group/55_55_1502090690240.jpg]
[cdn-itcname.hihonor.com/pms/product/6901443189113/group/55_55_1502090690955.jpg]
[cdn-itcname.hihonor.com/pms/product/6901443189113/group/55_55_1502090691652.jpg]
[cdn-itcname.hihonor.com/pms/product/6901443189113/group/55_55_1502090692319.jpg]
[cdn-itcname.hihonor.com/pms/product/6901443189113/group/55_55_1502090693001.jpg]
[store.hihonor.com/it/product/626249527.html]
[store.hihonor.com/it/product/inventory6977.html]
[cdn-itcname.hihonor.com/pms/product/6901443191390/800_800_1502095245793mp.jpg]
[cdn-itcname.hihonor.com/pms/product/6901443191390/55_55_1502095245793mp.jpg]
[cdn-itcname.hihonor.com/pms/product/6901443191390/group/55_55_1502095235025.jpg]
[cdn-itcname.hihonor.com/pms/product/6901443191390/group/55_55_1502095235730.jpg]
[cdn-itcname.hihonor.com/pms/product/6901443191390/group/55_55_1502095236420.jpg]
[cdn-itcname.hihonor.com/pms/product/6901443191390/group/55_55_1502095237097.jpg]
[cdn-itcname.hihonor.com/pms/product/6901443191390/group/55_55_1502095237781.jpg]
[store.hihonor.com/it/product/277341071.html]
[store.hihonor.com/it/product/inventory08d3.html]
[cdn-itcname.hihonor.com/pms/product/69014431123346/800_800_1507892983002mp.jpg]
[cdn-itcname.hihonor.com/pms/product/69014431123346/55_55_1507892983002mp.jpg]
[cdn-itcname.hihonor.com/pms/product/69014431123346/group/55_55_1507892962507.jpg]
[cdn-itcname.hihonor.com/pms/product/69014431123346/group/55_55_1507892954132.jpg]
[cdn-itcname.hihonor.com/pms/product/69014431123346/group/55_55_1507892963169.jpg]
[store.hihonor.com/it/product/154619901.html]
[store.hihonor.com/it/product/inventory7bad.html]
[cdn-it.hihonor.com/pms/template/content/2017/20170804184929638d41d.png]
[cdn-itcname.hihonor.com/pms/template/content/2017/20170904124345474.jpg]
[cdn-itcname.hihonor.com/pms/template/content/2017/20170904124342533.jpg]
[cdn-itcname.hihonor.com/pms/template/content/2017/20170904124343609.jpg]
[cdn-itcname.hihonor.com/pms/template/content/2017/2017090412434237.jpg]
[cdn-itcname.hihonor.com/pms/template/content/2017/20170904124340237.jpg]
[cdn-itcname.hihonor.com/pms/template/content/2017/20170904124340896.jpg]
[store.hihonor.com/it/cmsContentfb19.html]
[cdn-itcname.hihonor.com/pms/template/content/2017/20170911174153815.jpg]
[store.hihonor.com/it/list-156.html]
[cdn-itcname.hihonor.com/it/js/product/new_list.min68b3.js]
[cdn-itcname.hihonor.com/pms/product/6901443201846/428_428_1509114140474mp.jpg]
[store.hihonor.com/it/list-157.html]
[store.hihonor.com/it/list-161.html]
[store.hihonor.com/it/list-162.html]
[cdn-itcname.hihonor.com/pms/template/content/2017/20170904124343253.jpg]
[store.hihonor.com/it/cmsContente6c2.html]
[store.hihonor.com/it/trackorder/popup/index.html]
[cdn-it.hihonor.com/shopdc/cdn/modules/common/pc/css/common43af.css]
[cdn-it.hihonor.com/shopdc/pic/b430637e-6640-4262-a862-84bd9a500193.jpg]
[cdn-it.hihonor.com/shopdc/pic/71e5a1dc-8557-44e1-90e3-7597e7fe49ca.jpg]
[cdn-it.hihonor.com/shopdc/cdn/modules/common/pc/js/jquery-1.11.1.min.js]
[cdn-it.hihonor.com/shopdc/cdn/modules/common/pc/js/utils43af.js]
[cdn-it.hihonor.com/shopdc/cdn/modules/common/pc/js/config-pc43af.js]
[store.hihonor.com/it/trovailcodicev1.html]
[cdn-it.hihonor.com/shopdc/cdn/modules/common/pc/js/report43af.js]
[cdn-it.hihonor.com/shopdc/pic/da02e1e1-f5ef-472b-b1ac-3f6e1a001448.jpg]
[cdn-it.hihonor.com/shopdc/pic/2a9e553e-01cd-4a4e-a883-307aca17dc2a.jpg]
[cdn-it.hihonor.com/shopdc/pic/b439c9ce-a3cd-419c-a962-0cd902d6c33d.jpg]
[store.hihonor.com/it/honorblackfriday.html]
[cdn-it.hihonor.com/shopdc/pic/6e8c3467-e7ac-46eb-a44a-7b295087786f.jpg]
[cdn-it.hihonor.com/shopdc/pic/56fa1e6b-f334-4658-b731-621b69fa891c.jpg]
[store.hihonor.com/it/dfa.html]
[cdn-itcname.hihonor.com/pms/template/content/2017/20170908184156574.jpg]
[cdn-itcname.hihonor.com/pms/template/content/2017/20170901185804701.jpg]
[cdn-itcname.hihonor.com/pms/template/content/2017/20170901185804902.jpg]
[cdn-itcname.hihonor.com/pms/template/content/2017/20170901185805132.jpg]
[cdn-itcname.hihonor.com/pms/template/content/2017/20170901185805388.jpg]
[cdn-itcname.hihonor.com/pms/template/content/2017/20170901185805618.jpg]
[cdn-itcname.hihonor.com/pms/template/content/2017/20170908213236717.jpg]
[cdn-itcname.hihonor.com/pms/template/content/2017/2017090118580631.jpg]
[cdn-itcname.hihonor.com/pms/template/content/2017/20170908213237134.jpg]
[cdn-itcname.hihonor.com/pms/template/content/2017/20170901185806457.jpg]
[cdn-itcname.hihonor.com/pms/template/content/2017/20170908213236921.jpg]
[cdn-itcname.hihonor.com/pms/template/content/2017/20170908213236504.jpg]
[cdn-itcname.hihonor.com/pms/template/content/2017/20170901185802614.jpg]
[cdn-itcname.hihonor.com/pms/template/content/2017/20170901185802812.jpg]
[cdn-itcname.hihonor.com/pms/template/content/2017/2017090118580332.jpg]
[cdn-itcname.hihonor.com/pms/template/content/2017/20170901185803243.jpg]
[cdn-itcname.hihonor.com/pms/template/content/2017/20170901185803446.jpg]
[cdn-itcname.hihonor.com/pms/template/content/2017/2017090821323546.jpg]
[cdn-itcname.hihonor.com/pms/template/content/2017/20170901185803862.jpg]
[cdn-itcname.hihonor.com/pms/template/content/2017/20170908213235465.jpg]
[cdn-itcname.hihonor.com/pms/template/content/2017/20170901185804285.jpg]
[cdn-itcname.hihonor.com/pms/template/content/2017/20170908213235249.jpg]
[cdn-itcname.hihonor.com/pms/template/content/2017/20170908213234840.jpg]
[store.hihonor.com/it/cmsContentba69.html]
[store.hihonor.com/it/item/639090033/buy.html]
[store.hihonor.com/it/item/639090033/index.html]
[store.hihonor.com/it/item/639090033/chrome/index.html]
[store.hihonor.com/it/item/639090033/version/index.html]
[store.hihonor.com/it/item/775214205/buy.html]
[store.hihonor.com/it/item/775214205/index.html]
[store.hihonor.com/it/item/775214205/chrome/index.html]
[store.hihonor.com/it/item/775214205/version/index.html]
[store.hihonor.com/it/item/805154013/buy.html]
[store.hihonor.com/it/item/805154013/index.html]
[store.hihonor.com/it/item/805154013/chrome/index.html]
[store.hihonor.com/it/item/805154013/version/index.html]
[store.hihonor.com/it/item/205715997/buy.html]
[store.hihonor.com/it/item/205715997/index.html]
[store.hihonor.com/it/item/205715997/version/index.html]
[store.hihonor.com/it/item/205715997/chrome/index.html]
[store.hihonor.com/it/cmsContent62ad.html]
[store.hihonor.com/it/cmsContentdef5.html]
[store.hihonor.com/it/cmsContentec8f.html]
[store.hihonor.com/it/cmsContent9430.html]
[store.hihonor.com/it/cmsContent3ae3.html]
[cdn-itcname.hihonor.com/it/images/echannel/+btn/btn4.html]
[cdn-itcname.hihonor.com/it/images/echannel/+bg/bg1.html]
[cdn-itcname.hihonor.com/it/images/echannel/+icon/icon11.html]
[cdn-itcname.hihonor.com/it/images/echannel/+bg/bg22.html]
[cdn-itcname.hihonor.com/it/images/echannel/+icon/icon34.html]
[cdn-itcname.hihonor.com/it/images/echannel/+icon/icon40.html]
[cdn-itcname.hihonor.com/it/images/echannel/honor/bg/bg12473.html]
[cdn-itcname.hihonor.com/it/images/echannel/honor/bg/bg22473.html]
[connect.facebook.net/en_US/all.js]
[cdn-itcname.hihonor.com/it/stylus/css/styles.min68b3.css]
[cdn-itcname.hihonor.com/it/js/common/jsapi.min68b3.js]
[cdn-itcname.hihonor.com/it/js/home-all.min68b3.js]
[cdn-itcname.hihonor.com/it/js/echannel/ga-ecommerce.min68b3.js]
[cdn-itcname.hihonor.com/it/js/echannel/base.min68b3.js]
[store.hihonor.com/it/search273a.html]
[store.hihonor.com/it/searchaf5b.html]
[store.hihonor.com/it/search9a33.html]
[store.hihonor.com/it/searchc93e.html]
[store.hihonor.com/it/search6b04.html]
[store.hihonor.com/it/searcha087.html]
[store.hihonor.com/it/searchce37.html]
[store.hihonor.com/it/search5994.html]
[store.hihonor.com/it/search4dc7.html]
[cdn-itcname.hihonor.com/pms/product/6901443201846/55_55_1509114140474mp.jpg]
[cdn-itcname.hihonor.com/pms/product/6901443201846/group/55_55_1509114124847.jpg]
[cdn-itcname.hihonor.com/pms/product/6901443201846/group/55_55_1509114125542.jpg]
[cdn-itcname.hihonor.com/pms/product/6901443201846/group/55_55_1509114126234.jpg]
[cdn-itcname.hihonor.com/pms/product/6901443201846/group/55_55_1509114126917.jpg]
[cdn-itcname.hihonor.com/pms/product/6901443201846/group/55_55_1509114127648.jpg]
[cdn-itcname.hihonor.com/pms/product/6901443201846/group/55_55_1509114128342.jpg]
[cdn-itcname.hihonor.com/pms/product/6901443201846/group/55_55_1509114129081.jpg]
[cdn-itcname.hihonor.com/pms/product/6901443201846/group/55_55_1509114129763.jpg]
[cdn-itcname.hihonor.com/pms/product/6901443201846/group/55_55_1509114130438.jpg]
[cdn-itcname.hihonor.com/pms/product/6901443201846/group/55_55_1509114131104.jpg]
[cdn-itcname.hihonor.com/pms/product/6901443201846/group/55_55_1509114131764.jpg]
[store.hihonor.com/it/product/217766903.html]
[cdn-itcname.hihonor.com/it/js/product/search.min68b3.js]
[store.hihonor.com/it/product/inventoryfab1.html]
[store.hihonor.com/it/search7c9f.html]
[cdn-itcname.hihonor.com/it/js/product/detail.min68b3.js]
[cdn-itcname.hihonor.com/it/js/product/overview.min68b3.js]
[cdn-itcname.hihonor.com/it/js/product/expected_delivery.min68b3.js]
[store.hihonor.com/it/product/inventoryd032.html]
[cdn-itcname.hihonor.com/it/js/common/qrcode.min68b3.js]
[cdn-itcname.hihonor.com/it/js/product/new.detail.min68b3.js]
[cdn-itcname.hihonor.com/it/js/common/ec.pager/pager.min68b3.js]
[cdn-itcname.hihonor.com/it/js/product/buyDetail.min68b3.js]
[store.hihonor.com/it/item/217766903/buy.html]
[store.hihonor.com/it/category.json]
[store.hihonor.com/it/item/217766903/chrome/index.html]
[store.hihonor.com/it/item/217766903/version/index.html]
[store.hihonor.com/it/product/inventory9909.html]
[store.hihonor.com/it/product/inventory0bf2.html]
[store.hihonor.com/it/product/inventoryf4fc.html]
[store.hihonor.com/it/product/inventory4c21.html]
[store.hihonor.com/it/product/inventorye12a.html]
[store.hihonor.com/it/product/inventoryfe3e.html]
[store.hihonor.com/it/product/inventory6977.html]
[store.hihonor.com/it/product/inventory08d3.html]
[store.hihonor.com/it/product/inventory7bad.html]
[store.hihonor.com/it/list-156.html]
[cdn-itcname.hihonor.com/it/js/product/new_list.min68b3.js]
[store.hihonor.com/it/list-161.html]
[cdn-it.hihonor.com/shopdc/cdn/modules/common/pc/images/icon1.png]
[res.vmallres.com/ecsale/images/20151220_china/icon2.png]
[cdn-it.hihonor.com/shopdc/cdn/modules/common/pc/css/common43af.css]
[cdn-it.hihonor.com/shopdc/cdn/modules/common/pc/js/jquery-1.11.1.min.js]
[cdn-it.hihonor.com/shopdc/cdn/modules/common/pc/js/utils43af.js]
[cdn-it.hihonor.com/shopdc/cdn/modules/common/pc/js/config-pc43af.js]
[nebula-collector.huawei.com/api/2.0/vmallcn-min.js]
[res.vmallres.com/bi/hianalytics.js]
[cdn-it.hihonor.com/shopdc/cdn/modules/common/pc/js/report43af.js]
[store.hihonor.com/it/item/639090033/buy.html]
[store.hihonor.com/it/item/639090033/chrome/index.html]
[store.hihonor.com/it/item/639090033/version/index.html]
[store.hihonor.com/it/item/775214205/buy.html]
[store.hihonor.com/it/item/775214205/chrome/index.html]
[store.hihonor.com/it/item/775214205/version/index.html]
[store.hihonor.com/it/item/805154013/buy.html]
[store.hihonor.com/it/item/805154013/chrome/index.html]
[store.hihonor.com/it/item/805154013/version/index.html]
[store.hihonor.com/it/item/205715997/buy.html]
[store.hihonor.com/it/item/205715997/chrome/index.html]
[store.hihonor.com/it/item/205715997/version/index.html]
[cdn-itcname.hihonor.com/it/images/echannel/+sprites/sprites2.html]
[cdn-itcname.hihonor.com/it/images/echannel/+icon/icon31.html]
[cdn-itcname.hihonor.com/it/images/echannel/+bg/bg54.html]
[cdn-itcname.hihonor.com/it/images/echannel/+icon/icon8.html]
[cdn-itcname.hihonor.com/it/images/echannel/+icon/icon_code.html]
[cdn-itcname.hihonor.com/it/images/echannel/+icon/icon48.html]
[cdn-itcname.hihonor.com/it/images/echannel/honor/sprites/sprites12473.html]
[store.hihonor.com/it/search5994.html]
[store.hihonor.com/it/product/inventoryfab1.html]
[store.hihonor.com/it/account/logout]
[cdn-itcname.hihonor.com/it/js/product/buyDetail.min68b3.js]
[store.hihonor.com/it/product/display/{.html]
[hm.baidu.com/hd41d.js]
[honor.whoson.com/include077c.js]
[store.hihonor.com/it/it/item/211451478/index.html]
[store.hihonor.com/it/support/service-center/index.html]
[store.hihonor.com/it/chrome/index.html]
[store.hihonor.com/it/version/index.html]
[store.hihonor.com/it/v/index.html]
[store.hihonor.com/it/ABCDEFGHIJKLMNOPQRSTUVWXYZabcdefghijklmnopqrstuvwxyz0123456789+/index.html]
[store.hihonor.com/it/product/{'url'_'https_/store.hihonor.com/it/item/639090033/index'}.html]
[blromstest.vmall.com_8080/it/images/echannel/bg/bg41.jpg]
[store.hihonor.com/it/product/it/item/211451478/index.html]
[store.hihonor.com/it/product/chrome/index.html]
[store.hihonor.com/it/product/version/index.html]
[store.hihonor.com/it/item/217766903/it/item/211451478/index.html]
[store.hihonor.com/it/product/{'url'_'https_/store.hihonor.com/it/item/775214205/index'}.html]
[store.hihonor.com/it/product/{'url'_'https_/store.hihonor.com/it/item/805154013/index'}.html]
[store.hihonor.com/it/product/{'url'_'https_/store.hihonor.com/it/item/205715997/index'}.html]
[store.hihonor.com/it/product/{'url'_'https_/store.hihonor.com/it/item/211451478/index'}.html]
[store.hihonor.com/it/product/{'url'_'https_/store.hihonor.com/it/item/672559893/index'}.html]
[store.hihonor.com/it/product/{'url'_'https_/store.hihonor.com/it/item/593171207/index'}.html]
[store.hihonor.com/it/product/{'url'_'https_/store.hihonor.com/it/item/626249527/index'}.html]
[store.hihonor.com/it/product/{'url'_'https_/store.hihonor.com/it/item/277341071/index'}.html]
[store.hihonor.com/it/product/{'url'_'https_/store.hihonor.com/it/item/154619901/index'}.html]
[store.hihonor.com/it/${domainMain}/index.html]
[store.hihonor.com/it/item/639090033/it/item/211451478/index.html]
[store.hihonor.com/it/item/775214205/it/item/211451478/index.html]
[store.hihonor.com/it/item/805154013/it/item/211451478/index.html]
[store.hihonor.com/it/item/205715997/it/item/211451478/index.html]
[store.hihonor.com/it/product/{'url'_'https_/store.hihonor.com/it/item/217766903/index'}.html]
[store.hihonor.com/it/item/217766903/chrome/it/item/211451478/index.html]
[store.hihonor.com/it/item/217766903/chrome/chrome/index.html]
[store.hihonor.com/it/item/217766903/chrome/version/index.html]
[store.hihonor.com/it/item/217766903/version/it/item/211451478/index.html]
[store.hihonor.com/it/item/217766903/version/chrome/index.html]
[store.hihonor.com/it/item/217766903/version/version/index.html]
[store.hihonor.com/it/js/index.html]
[store.hihonor.com/it/item/639090033/chrome/it/item/211451478/index.html]
[store.hihonor.com/it/item/639090033/chrome/chrome/index.html]
[store.hihonor.com/it/item/639090033/chrome/version/index.html]
[store.hihonor.com/it/item/639090033/version/it/item/211451478/index.html]
[store.hihonor.com/it/item/639090033/version/chrome/index.html]
[store.hihonor.com/it/item/639090033/version/version/index.html]
[store.hihonor.com/it/item/775214205/chrome/it/item/211451478/index.html]
[store.hihonor.com/it/item/775214205/chrome/chrome/index.html]
[store.hihonor.com/it/item/775214205/chrome/version/index.html]
[store.hihonor.com/it/item/775214205/version/it/item/211451478/index.html]
[store.hihonor.com/it/item/775214205/version/chrome/index.html]
[store.hihonor.com/it/item/775214205/version/version/index.html]
[store.hihonor.com/it/item/805154013/chrome/it/item/211451478/index.html]
[store.hihonor.com/it/item/805154013/chrome/chrome/index.html]
[store.hihonor.com/it/item/805154013/chrome/version/index.html]
[store.hihonor.com/it/item/805154013/version/it/item/211451478/index.html]
[store.hihonor.com/it/item/805154013/version/chrome/index.html]
[store.hihonor.com/it/item/805154013/version/version/index.html]
[store.hihonor.com/it/item/205715997/chrome/it/item/211451478/index.html]
[store.hihonor.com/it/item/205715997/chrome/chrome/index.html]
[store.hihonor.com/it/item/205715997/chrome/version/index.html]
[store.hihonor.com/it/item/205715997/version/it/item/211451478/index.html]
[store.hihonor.com/it/item/205715997/version/chrome/index.html]
[store.hihonor.com/it/item/205715997/version/version/index.html]
